[mediaman.ma/index.html]
[backblue.gif]
[fade.gif]
[index.html]
[connect.facebook.net/en_US/fbevents.js]
[mediaman.ma/assets/media/faviconc619.png]
[mediaman.ma/assets/css/vendor/bootstrap.min.css]
[mediaman.ma/assets/css/vendor/font-awesome.css]
[mediaman.ma/assets/css/vendor/slick.css]
[mediaman.ma/assets/css/vendor/slick-theme.css]
[mediaman.ma/assets/css/vendor/sal.css]
[mediaman.ma/assets/css/vendor/magnific-popup.css]
[mediaman.ma/assets/css/vendor/green-audio-player.min.css]
[mediaman.ma/assets/css/appc64e.css]
[mediaman.ma/assets/avenir/stylesheet.css]
[mediaman.ma/assets/css/customc25d.css]
[mediaman.ma/assets/css/responsivec25d.css]
[static.elfsight.com/platform/platform.js]
[cdnjs.cloudflare.com/ajax/libs/Swiper/7.3.0/swiper-bundle.min.js]
[mediaman.ma/assets/logo-01.png]
[mediaman.ma/index-1.html]
[mediaman.ma/about.html]
[mediaman.ma/branding.html]
[mediaman.ma/development-web.html]
[mediaman.ma/digital-advertising.html]
[mediaman.ma/video-production.html]
[mediaman.ma/social-media-managemet.html]
[mediaman.ma/contact.html]
[mediaman.ma/fr.png]
[player.vimeo.com/api/player.js]
[mediaman.ma/services.html]
[kit.detheme.com/elysian/wp-content/uploads/sites/53/2020/12/shield-CMF3SF8.png]
[kit.detheme.com/elysian/wp-content/uploads/sites/53/2020/12/chat-CMF3SF8.png]
[kit.detheme.com/elysian/wp-content/uploads/sites/53/2020/12/bag-CMF3SF8.png]
[kit.detheme.com/elysian/wp-content/uploads/sites/53/2020/12/map-CMF3SF8-1024x685.png]
[kit.detheme.com/elysian/wp-content/uploads/sites/53/2020/12/Refill-card-NGLASK3-1024x707.png]
[kit.detheme.com/dexor/wp-content/uploads/sites/8/2020/08/arrow-1.png]
[kit.detheme.com/elysian/wp-content/uploads/sites/53/2020/12/Loading-CMF3SF8.png]
[kit.detheme.com/elysian/wp-content/uploads/sites/53/2020/12/bell-CMF3SF8.png]
[kit.detheme.com/elysian/wp-content/uploads/sites/53/2020/12/Done-CMF3SF8.png]
[mediaman.ma/clients/LOGOS-01c619.png]
[mediaman.ma/clients/LOGOS-02c619.png]
[mediaman.ma/clients/LOGOS-03c619.png]
[mediaman.ma/clients/LOGOS-04c619.png]
[mediaman.ma/clients/LOGOS-05c619.png]
[mediaman.ma/clients/LOGOS-06c619.png]
[mediaman.ma/clients/LOGOS-07c619.png]
[mediaman.ma/clients/LOGOS-08c619.png]
[mediaman.ma/clients/LOGOS-09c619.png]
[mediaman.ma/clients/LOGOS-10c619.png]
[mediaman.ma/clients/LOGOS-11c619.png]
[mediaman.ma/clients/LOGOS-12c619.png]
[mediaman.ma/clients/LOGOS-13c619.png]
[mediaman.ma/clients/LOGOS-14c619.png]
[mediaman.ma/clients/LOGOS-15c619.png]
[mediaman.ma/clients/LOGOS-16c619.png]
[mediaman.ma/clients/LOGOS-17c619.png]
[mediaman.ma/clients/LOGOS-18c619.png]
[mediaman.ma/clients/LOGOS-19c619.png]
[mediaman.ma/clients/LOGOS-20c619.png]
[mediaman.ma/clients/LOGOS-01.png]
[mediaman.ma/clients/LOGOS-02.png]
[mediaman.ma/clients/LOGOS-03.png]
[mediaman.ma/clients/LOGOS-04.png]
[mediaman.ma/clients/LOGOS-05.png]
[mediaman.ma/clients/LOGOS-06.png]
[mediaman.ma/clients/LOGOS-07.png]
[mediaman.ma/clients/LOGOS-08.png]
[mediaman.ma/clients/LOGOS-09.png]
[mediaman.ma/clients/LOGOS-10.png]
[mediaman.ma/clients/LOGOS-11.png]
[mediaman.ma/clients/LOGOS-12.png]
[mediaman.ma/clients/LOGOS-13.png]
[mediaman.ma/clients/LOGOS-14.png]
[mediaman.ma/clients/LOGOS-15.png]
[mediaman.ma/clients/LOGOS-16.png]
[mediaman.ma/clients/LOGOS-17.png]
[mediaman.ma/clients/LOGOS-18.png]
[mediaman.ma/clients/LOGOS-19.png]
[mediaman.ma/clients/LOGOS-20.png]
[mediaman.ma/assets/media/others/chat-group.png]
[mediaman.ma/assets/media/others/laptop-poses.png]
[mediaman.ma/assets/media/others/bill-pay.png]
[mediaman.ma/assets/media/others/bubble-12.png]
[mediaman.ma/assets/media/others/bubble-16.png]
[mediaman.ma/assets/media/others/bubble-13.png]
[mediaman.ma/assets/media/others/bubble-14.png]
[mediaman.ma/assets/media/others/bubble-15.png]
[mediaman.ma/privacy-policy.html]
[mediaman.ma/terms-of-use.html]
[mediaman.ma/assets/js/vendor/jquery-3.6.0.min.js]
[mediaman.ma/assets/js/vendor/isotope.pkgd.min.js]
[mediaman.ma/assets/js/vendor/imagesloaded.pkgd.min.js]
[mediaman.ma/assets/js/vendor/waypoints.min.js]
[mediaman.ma/assets/js/vendor/counterup.js]
[mediaman.ma/assets/js/vendor/slick.min.js]
[mediaman.ma/assets/js/vendor/sal.js]
[mediaman.ma/assets/js/vendor/jquery.magnific-popup.min.js]
[mediaman.ma/assets/js/vendor/js.cookie.js]
[mediaman.ma/assets/js/vendor/jquery.style.switcher.js]
[mediaman.ma/assets/js/vendor/jquery.countdown.min.js]
[mediaman.ma/assets/js/vendor/tilt.js]
[mediaman.ma/assets/js/vendor/green-audio-player.min.js]
[mediaman.ma/assets/js/vendor/jquery.nav.js]
[mediaman.ma/assets/js/app.js]
[mediaman.ma/index.html]
[mediaman.ma/assets/js/sheets.js]
[mediaman.ma/c]
[mediaman.ma/b]
[mediaman.ma/POST]
[connect.facebook.net/en_US/fbevents.js]
[mediaman.ma/assets/css/vendor/bootstrap.min.css]
[mediaman.ma/assets/css/fonts/fa-brands-400.eot]
[mediaman.ma/assets/css/fonts/fa-brands-400d41dd41d.eot]
[mediaman.ma/assets/css/fonts/fa-brands-400.html]
[mediaman.ma/assets/css/fonts/fa-brands-400.woff]
[mediaman.ma/assets/css/fonts/fa-brands-400.ttf]
[mediaman.ma/assets/css/fonts/fa-brands-400.svg]
[mediaman.ma/assets/css/fonts/fa-duotone-900.eot]
[mediaman.ma/assets/css/fonts/fa-duotone-900d41dd41d.eot]
[mediaman.ma/assets/css/fonts/fa-duotone-900.html]
[mediaman.ma/assets/css/fonts/fa-duotone-900.woff]
[mediaman.ma/assets/css/fonts/fa-duotone-900.ttf]
[mediaman.ma/assets/css/fonts/fa-light-300.eot]
[mediaman.ma/assets/css/fonts/fa-duotone-900.svg]
[mediaman.ma/assets/css/fonts/fa-light-300.html]
[mediaman.ma/assets/css/fonts/fa-light-300d41dd41d.eot]
[mediaman.ma/assets/css/fonts/fa-light-300.woff]
[mediaman.ma/assets/css/fonts/fa-light-300.ttf]
[mediaman.ma/assets/css/fonts/fa-regular-400.eot]
[mediaman.ma/assets/css/fonts/fa-light-300.svg]
[mediaman.ma/assets/css/fonts/fa-regular-400d41dd41d.eot]
[mediaman.ma/assets/css/fonts/fa-regular-400.html]
[mediaman.ma/assets/css/fonts/fa-regular-400.ttf]
[mediaman.ma/assets/css/fonts/fa-regular-400.woff]
[mediaman.ma/assets/css/fonts/fa-solid-900.eot]
[mediaman.ma/assets/css/fonts/fa-solid-900d41dd41d.eot]
[mediaman.ma/assets/css/fonts/fa-regular-400.svg]
[mediaman.ma/assets/css/fonts/fa-solid-900.html]
[mediaman.ma/assets/css/fonts/fa-solid-900.woff]
[mediaman.ma/assets/css/fonts/fa-solid-900.ttf]
[mediaman.ma/assets/css/vendor/font-awesome.css]
[mediaman.ma/assets/css/vendor/slick.css]
[mediaman.ma/assets/css/fonts/ajax-loader.gif]
[mediaman.ma/assets/css/fonts/slick.eot]
[mediaman.ma/assets/css/fonts/fa-solid-900.svg]
[mediaman.ma/assets/css/fonts/slickd41dd41d.eot]
[mediaman.ma/assets/css/fonts/slick.woff]
[mediaman.ma/assets/css/fonts/slick.ttf]
[mediaman.ma/assets/css/vendor/slick-theme.css]
[mediaman.ma/assets/css/vendor/sal.css]
[mediaman.ma/assets/css/vendor/magnific-popup.css]
[mediaman.ma/assets/css/vendor/green-audio-player.min.css]
[mediaman.ma/assets/css/fonts/slick.svg]
[mediaman.ma/assets/media/icon/message.png]
[mediaman.ma/assets/media/others/designer-text.png]
[mediaman.ma/assets/css/appc64e.css]
[mediaman.ma/assets/media/icon/message-light.png]
[mediaman.ma/assets/avenir/AvenirArabic-Book.woff2]
[mediaman.ma/assets/avenir/AvenirArabic-Book.woff]
[mediaman.ma/assets/avenir/AvenirArabic-Medium.woff2]
[mediaman.ma/assets/avenir/AvenirArabic-Medium.woff]
[mediaman.ma/assets/avenir/AvenirArabic-Light.woff2]
[mediaman.ma/assets/avenir/AvenirArabic-Light.woff]
[mediaman.ma/assets/media/banner/banner-bg-1.png]
[mediaman.ma/assets/avenir/AvenirArabic-Black.woff2]
[mediaman.ma/assets/avenir/AvenirArabic-Black.woff]
[mediaman.ma/assets/avenir/AvenirArabic-Heavy.woff2]
[mediaman.ma/assets/avenir/stylesheet.css]
[kit.detheme.com/elysian/wp-content/uploads/sites/53/2020/12/rio-custompattern-1.png]
[mediaman.ma/assets/avenir/AvenirArabic-Heavy.woff]
[kit.detheme.com/elysian/wp-content/uploads/sites/53/2020/12/Rating-App-CMF3SF8.png]
[mediaman.ma/assets/css/customc25d.css]
[mediaman.ma/assets/css/responsivec25d.css]
[mediaman.ma/index-1.html]
[mediaman.ma/assets/media/others/bubble-21.png]
[mediaman.ma/assets/media/others/line-4.png]
[mediaman.ma/assets/media/others/bubble-9.png]
[mediaman.ma/assets/media/banner/banner-thumb-2.png]
[mediaman.ma/assets/media/team_S/Med-Gallab.jpg]
[mediaman.ma/assets/media/about/about-2-r.png]
[mediaman.ma/assets/media/team_S/WAFIQ.png]
[mediaman.ma/assets/media/team_S/YASSINE.png]
[mediaman.ma/assets/media/team_S/Brahim-Gallab.jpg]
[mediaman.ma/assets/media/team_S/HALIMA.png]
[mediaman.ma/assets/media/team_S/RACHID_.jpg]
[mediaman.ma/assets/media/team_S/ABDULLAH.png]
[mediaman.ma/assets/media/team_S/HICHAM.png]
[mediaman.ma/assets/media/team_S/AYOUB.png]
[mediaman.ma/assets/media/team_S/LATIFA.png]
[mediaman.ma/assets/media/team_S/HAJAR.png]
[mediaman.ma/assets/media/team_S/HICHAM T.png]
[mediaman.ma/assets/media/team_S/AYOUB AIT.png]
[mediaman.ma/assets/media/team_S/hicham idaamer.png]
[mediaman.ma/assets/media/team_S/SOULAIMAN.png]
[mediaman.ma/assets/media/others/circle-1.png]
[mediaman.ma/assets/media/team_S/MOHAMMED.png]
[mediaman.ma/assets/media/others/line-3.png]
[mediaman.ma/about.html]
[mediaman.ma/assets/media/others/bubble-5.png]
[mediaman.ma/assets/media/others/bubble-20.png]
[mediaman.ma/assets/media/project/project-2.png]
[mediaman.ma/assets/design/1.png]
[mediaman.ma/assets/design/4.jpg]
[mediaman.ma/assets/design/5.jpg]
[mediaman.ma/assets/media/others/circle-2.png]
[mediaman.ma/assets/media/others/bubble-2.png]
[mediaman.ma/assets/media/others/bubble-1.png]
[mediaman.ma/assets/img/branding/Icons-04.png]
[mediaman.ma/assets/img/branding/Icons-01.png]
[mediaman.ma/assets/design/2.png]
[mediaman.ma/assets/img/branding/Icons-05.png]
[mediaman.ma/assets/img/branding/Icons-03.png]
[mediaman.ma/assets/img/branding/Icons-06.png]
[mediaman.ma/assets/img/branding/Icons-02.png]
[mediaman.ma/assets/media/icon/icon-1.png]
[mediaman.ma/assets/media/icon/icon-2.png]
[mediaman.ma/branding.html]
[mediaman.ma/assets/media/icon/icon-6.png]
[mediaman.ma/assets/media/others/bubble-32.png]
[mediaman.ma/assets/media/others/bubble-33.png]
[mediaman.ma/assets/media/banner/banner-thumb-6.png]
[mediaman.ma/assets/media/others/bubble-4.png]
[mediaman.ma/assets/media/others/bubble-30.png]
[mediaman.ma/assets/media/others/bubble-31.png]
[mediaman.ma/single-case-study.html]
[mediaman.ma/assets/media/others/case-study-1.png]
[mediaman.ma/single-portfolio.html]
[mediaman.ma/assets/design/7.jpg]
[mediaman.ma/assets/media/others/case-study-2.png]
[mediaman.ma/projects/alhanane.png]
[mediaman.ma/assets/media/project/mobile-mockup.png]
[mediaman.ma/projects/eskelah.png]
[mediaman.ma/development-web.html]
[mediaman.ma/projects/hanadeal.png]
[mediaman.ma/assets/tiktok-brands.svg]
[mediaman.ma/digital-advertising.html]
[mediaman.ma/assets/media/banner/banner-thumb-77.png]
[mediaman.ma/assets/media/others/case-study-4.png]
[mediaman.ma/assets/media/thumbnails/header1.png]
[mediaman.ma/assets/media/others/bubble-39.png]
[mediaman.ma/assets/media/others/bubble-38.png]
[mediaman.ma/assets/media/others/bubble-40.png]
[mediaman.ma/assets/media/others/bubble-41.png]
[mediaman.ma/assets/media/icon/icon-3.png]
[mediaman.ma/assets/media/others/line-9.png]
[mediaman.ma/assets/design/6.jpg]
[mediaman.ma/assets/media/others/bubble-42.png]
[mediaman.ma/assets/media/others/bubble-43.png]
[mediaman.ma/assets/media/thumbnails/1.png]
[mediaman.ma/assets/media/thumbnails/2.png]
[mediaman.ma/assets/media/thumbnails/3.png]
[mediaman.ma/assets/media/thumbnails/4.png]
[mediaman.ma/assets/media/thumbnails/6.png]
[mediaman.ma/assets/media/thumbnails/7.png]
[mediaman.ma/assets/media/thumbnails/8.png]
[mediaman.ma/assets/media/thumbnails/9.png]
[mediaman.ma/assets/media/thumbnails/10.png]
[mediaman.ma/assets/media/thumbnails/11.png]
[mediaman.ma/assets/media/thumbnails/12.png]
[mediaman.ma/assets/media/thumbnails/13.png]
[mediaman.ma/assets/media/thumbnails/14.png]
[mediaman.ma/assets/media/thumbnails/15.png]
[mediaman.ma/assets/media/thumbnails/16.png]
[mediaman.ma/assets/media/thumbnails/17.png]
[mediaman.ma/assets/media/thumbnails/18.png]
[mediaman.ma/assets/media/thumbnails/19.png]
[mediaman.ma/assets/media/thumbnails/20.png]
[mediaman.ma/assets/media/thumbnails/22.png]
[mediaman.ma/assets/media/thumbnails/23.png]
[mediaman.ma/assets/media/thumbnails/21.png]
[mediaman.ma/assets/media/thumbnails/24.png]
[mediaman.ma/assets/media/thumbnails/26.png]
[mediaman.ma/assets/media/thumbnails/28.png]
[mediaman.ma/assets/media/thumbnails/25.png]
[mediaman.ma/assets/media/thumbnails/27.png]
[mediaman.ma/assets/media/thumbnails/29.png]
[mediaman.ma/assets/media/thumbnails/30.png]
[mediaman.ma/assets/media/thumbnails/31.png]
[mediaman.ma/assets/media/thumbnails/35.png]
[mediaman.ma/assets/media/thumbnails/34.png]
[mediaman.ma/assets/media/thumbnails/33.png]
[mediaman.ma/assets/media/thumbnails/32.png]
[mediaman.ma/assets/media/thumbnails/36.png]
[promo-theme.com/wixo/wp-content/uploads/2021/08/move5.png]
[promo-theme.com/wixo/wp-content/uploads/2021/08/move4.png]
[promo-theme.com/wixo/wp-content/uploads/2021/08/move6.png]
[mediaman.ma/video-production.html]
[mediaman.ma/assets/media/others/bubble-7.png]
[mediaman.ma/assets/media/others/poses-lady.png]
[mediaman.ma/assets/media/banner/window.png]
[mediaman.ma/assets/media/banner/chat-group.png]
[mediaman.ma/assets/media/banner/laptop-poses.png]
[mediaman.ma/assets/media/icon/icon-29.png]
[mediaman.ma/assets/media/others/case-study-6.png]
[mediaman.ma/assets/media/others/case-study-5.png]
[mediaman.ma/assets/media/icon/icon-27.png]
[mediaman.ma/assets/media/icon/icon-31.png]
[mediaman.ma/assets/media/icon/icon-37.png]
[mediaman.ma/assets/media/icon/icon-38.png]
[mediaman.ma/assets/media/icon/icon-45.png]
[mediaman.ma/assets/media/icon/icon-10.png]
[mediaman.ma/social-media-managemet.html]
[mediaman.ma/assets/media/others/line-6.png]
[mediaman.ma/assets/media/others/bubble-17.png]
[mediaman.ma/cdn-cgi/l/email-protection.html]
[mediaman.ma/assets/media/others/circle-3.png]
[mediaman.ma/contact.html]
[mediaman.ma/cdn-cgi/scripts/5c5dd728/cloudflare-static/email-decode.min.js]
[mediaman.ma/assets/media/icon/icon-35.png]
[mediaman.ma/assets/media/banner/banner-thumb-4.png]
[mediaman.ma/assets/media/icon/icon-40.png]
[mediaman.ma/assets/media/icon/icon-41.png]
[mediaman.ma/assets/media/icon/icon-42.png]
[mediaman.ma/assets/media/icon/icon-4.png]
[mediaman.ma/assets/media/icon/icon-32.png]
[mediaman.ma/illusrations/pencil.png]
[mediaman.ma/illusrations/coding.png]
[mediaman.ma/services.html]
[mediaman.ma/assets/media/others/bubble-11.png]
[mediaman.ma/privacy-policy.html]
[mediaman.ma/illusrations/like.png]
[mediaman.ma/terms-of-use.html]
[cdn.rtlcss.com/bootstrap/v4.2.1/js/bootstrap.min.html]
[mediaman.ma/c.html]
[mediaman.ma/b.html]
[mediaman.ma/POST.html]
[mediaman.ma/assets/css/fonts/fa-brands-400.html]
[mediaman.ma/privacy-policy-2.html]
[mediaman.ma/assets/css/fonts/fa-brands-400.svg]
[mediaman.ma/assets/css/fonts/fa-duotone-900.html]
[mediaman.ma/assets/css/fonts/fa-duotone-900.svg]
[mediaman.ma/assets/css/fonts/fa-light-300.html]
[mediaman.ma/illusrations/megaphone.png]
[mediaman.ma/illusrations/payment_with_check.png]
[mediaman.ma/assets/css/fonts/fa-light-300.svg]
[mediaman.ma/assets/css/fonts/fa-regular-400.html]
[mediaman.ma/assets/css/fonts/fa-regular-400.svg]
[mediaman.ma/assets/css/fonts/fa-solid-900.html]
[mediaman.ma/assets/css/fonts/fa-solid-900.svg]
[mediaman.ma/assets/css/fonts/slick.svg]
[mediaman.ma/single-case-study.html]
[mediaman.ma/single-portfolio.html]
[mediaman.ma/assets/tiktok-brands.svg]
[mediaman.ma/cdn-cgi/l/email-protection.html]
[mediaman.ma/privacy-policy-2.html]
